17:32:15 **** Incremental Build of configuration Debug for project datkll ****
make -j8 all 
arm-none-eabi-gcc "../Core/Src/main.c" -mcpu=cortex-m7 -std=gnu11 -g3 -DDEBUG -DUSE_HAL_DRIVER -DSTM32H743xx -c -I../Core/Inc -I../Drivers/STM32H7xx_HAL_Driver/Inc -I../Drivers/STM32H7xx_HAL_Driver/Inc/Legacy -I../Drivers/CMSIS/Device/ST/STM32H7xx/Include -I../Drivers/CMSIS/Include -O0 -ffunction-sections -fdata-sections -Wall -fstack-usage -MMD -MP -MF"Core/Src/main.d" -MT"Core/Src/main.o" --specs=nano.specs -mfpu=fpv5-d16 -mfloat-abi=hard -mthumb -o "Core/Src/main.o"
arm-none-eabi-gcc -o "datkll.elf" @"objects.list"   -mcpu=cortex-m7 -T"E:\Files\Flexible\DATKLL\STM32\datkll\STM32H743ZITX_FLASH.ld" --specs=nosys.specs -Wl,-Map="datkll.map" -Wl,--gc-sections -static --specs=nano.specs -mfpu=fpv5-d16 -mfloat-abi=hard -mthumb -Wl,--start-group -lc -lm -Wl,--end-group
Finished building target: datkll.elf
 
arm-none-eabi-size   datkll.elf 
arm-none-eabi-objdump -h -S  datkll.elf  > "datkll.list"
arm-none-eabi-objcopy  -O binary  datkll.elf  "datkll.bin"
   text	   data	    bss	    dec	    hex	filename
  40292	     24	   2072	  42388	   a594	datkll.elf
Finished building: default.size.stdout
 
Finished building: datkll.bin
 
Finished building: datkll.list
 

17:32:16 Build Finished. 0 errors, 0 warnings. (took 1s.515ms)

